[36mvite v7.3.1 [32mbuilding client environment for production...[36m[39m
transforming...
[32mÔ£ô[39m 25 modules transformed.
node.exe : [31mÔ£ù[39m Build failed in 
978ms
No linha:1 caractere:1
+ & "C:\Program Files\nodejs/node.exe" 
"C:\Program Files\nodejs/node_mo ...
+ ~~~~~~~~~~~~~~~~~~~~~~~~~~~~~~~~~~~~~~~~
~~~~~~~~~~~~~~~~~~~~~~~~~~~~~
    + CategoryInfo          : NotSpecifie 
   d: ([31mÔ£ù[39m Build failed in 978  
  ms:String) [], RemoteException
    + FullyQualifiedErrorId : NativeComma 
   ndError
 
[31merror during build:
[31mCould not resolve 
"../../contexts/AuthContext" from "resourc
es/js/pages/DashboardPage.jsx"[31m
file: 
[36mC:/Users/Usuario/Desktop/Estudo Progr
amacao/OrganizeLife/resources/js/pages/Das
hboardPage.jsx[31m
    at getRollupError (file:///C:/Users/Us
uario/Desktop/Estudo%20Programacao/Organiz
eLife/node_modules/rollup/dist/es/shared/p
arseAst.js:402:41)
    at error (file:///C:/Users/Usuario/Des
ktop/Estudo%20Programacao/OrganizeLife/nod
e_modules/rollup/dist/es/shared/parseAst.j
s:398:42)
    at 
ModuleLoader.handleInvalidResolvedId (file
:///C:/Users/Usuario/Desktop/Estudo%20Prog
ramacao/OrganizeLife/node_modules/rollup/d
ist/es/shared/node-entry.js:21687:24)
    at file:///C:/Users/Usuario/Desktop/Es
tudo%20Programacao/OrganizeLife/node_modul
es/rollup/dist/es/shared/node-entry.js:216
47:26[39m
